22:59:17 **** Incremental Build of configuration Debug for project 005HSI_Measurement ****
make -j8 all 
arm-none-eabi-gcc "../Src/main.c" -mcpu=cortex-m4 -std=gnu11 -g3 -DDEBUG -DNUCLEO_F401RE -DSTM32 -DSTM32F401RETx -DSTM32F4 -c -I../Inc -O0 -ffunction-sections -fdata-sections -Wall -fstack-usage -fcyclomatic-complexity -MMD -MP -MF"Src/main.d" -MT"Src/main.o" --specs=nano.specs -mfloat-abi=soft -mthumb -o "Src/main.o"
arm-none-eabi-gcc -o "005HSI_Measurement.elf" @"objects.list"   -mcpu=cortex-m4 -T"C:\Users\bhagy\STM32CubeIDE\workspace_1.18.1\005HSI_Measurement\STM32F401RETX_FLASH.ld" --specs=nosys.specs -Wl,-Map="005HSI_Measurement.map" -Wl,--gc-sections -static --specs=nano.specs -mfloat-abi=soft -mthumb -Wl,--start-group -lc -lm -Wl,--end-group
Finished building target: 005HSI_Measurement.elf
 
arm-none-eabi-size  005HSI_Measurement.elf 
arm-none-eabi-objdump -h -S 005HSI_Measurement.elf  > "005HSI_Measurement.list"
   text	   data	    bss	    dec	    hex	filename
    796	      0	   1568	   2364	    93c	005HSI_Measurement.elf
Finished building: default.size.stdout
 
Finished building: 005HSI_Measurement.list
 

22:59:18 Build Finished. 0 errors, 0 warnings. (took 563ms)

