22:07:54 **** Incremental Build of configuration Debug for project Brushed_DC_Motor_Control_Using_STM32 ****
make -j8 all 
arm-none-eabi-gcc "../Core/Src/main.c" -mcpu=cortex-m4 -std=gnu11 -g3 -DDEBUG -DUSE_HAL_DRIVER -DSTM32F401xE -c -I../Core/Inc -I../Drivers/STM32F4xx_HAL_Driver/Inc -I../Drivers/STM32F4xx_HAL_Driver/Inc/Legacy -I../Drivers/CMSIS/Device/ST/STM32F4xx/Include -I../Drivers/CMSIS/Include -O0 -ffunction-sections -fdata-sections -Wall -Wextra -fstack-usage -fcyclomatic-complexity -MMD -MP -MF"Core/Src/main.d" -MT"Core/Src/main.o" --specs=nano.specs -mfpu=fpv4-sp-d16 -mfloat-abi=hard -mthumb -o "Core/Src/main.o"
../Core/Src/main.c: In function 'main':
../Core/Src/main.c:144:36: warning: pointer targets in passing argument 2 of 'HAL_UART_Transmit' differ in signedness [-Wpointer-sign]
  144 |   ret = HAL_UART_Transmit(&huart2, status_buff, buff_size, HAL_MAX_DELAY);
      |                                    ^~~~~~~~~~~
      |                                    |
      |                                    char *
In file included from ../Core/Inc/stm32f4xx_hal_conf.h:411,
                 from ../Drivers/STM32F4xx_HAL_Driver/Inc/stm32f4xx_hal.h:29,
                 from ../Core/Inc/main.h:30,
                 from ../Core/Src/main.c:20:
../Drivers/STM32F4xx_HAL_Driver/Inc/stm32f4xx_hal_uart.h:745:79: note: expected 'const uint8_t *' {aka 'const unsigned char *'} but argument is of type 'char *'
  745 | HAL_StatusTypeDef HAL_UART_Transmit(UART_HandleTypeDef *huart, const uint8_t *pData, uint16_t Size, uint32_t Timeout);
      |                                                                ~~~~~~~~~~~~~~~^~~~~
../Core/Src/main.c:253:58: warning: passing argument 2 of 'HAL_UART_Receive' discards 'volatile' qualifier from pointer target type [-Wdiscarded-qualifiers]
  253 |                          ret = HAL_UART_Receive(&huart2, pwm_rx_bytes, 4, HAL_MAX_DELAY);
      |                                                          ^~~~~~~~~~~~
../Drivers/STM32F4xx_HAL_Driver/Inc/stm32f4xx_hal_uart.h:746:72: note: expected 'uint8_t *' {aka 'unsigned char *'} but argument is of type 'volatile uint8_t *' {aka 'volatile unsigned char *'}
  746 | HAL_StatusTypeDef HAL_UART_Receive(UART_HandleTypeDef *huart, uint8_t *pData, uint16_t Size, uint32_t Timeout);
      |                                                               ~~~~~~~~~^~~~~
../Core/Src/main.c:315:40: warning: passing argument 1 of 'memcpy' discards 'volatile' qualifier from pointer target type [-Wdiscarded-qualifiers]
  315 |                                 memcpy(&kp_current, &rx_bytes[0], 4);
      |                                        ^~~~~~~~~~~
In file included from ../Core/Src/main.c:21:
C:\ST\STM32CubeIDE_1.18.1\STM32CubeIDE\plugins\com.st.stm32cube.ide.mcu.externaltools.gnu-tools-for-stm32.13.3.rel1.win32_1.0.0.202411081344\tools\bin/../lib/gcc/arm-none-eabi/13.3.1/../../../../arm-none-eabi/include/string.h:31:18: note: expected 'void * restrict' but argument is of type 'volatile float *'
   31 | void *   memcpy (void *__restrict, const void *__restrict, size_t);
      |                  ^
../Core/Src/main.c:316:40: warning: passing argument 1 of 'memcpy' discards 'volatile' qualifier from pointer target type [-Wdiscarded-qualifiers]
  316 |                                 memcpy(&ki_current, &rx_bytes[4], 4);
      |                                        ^~~~~~~~~~~
C:\ST\STM32CubeIDE_1.18.1\STM32CubeIDE\plugins\com.st.stm32cube.ide.mcu.externaltools.gnu-tools-for-stm32.13.3.rel1.win32_1.0.0.202411081344\tools\bin/../lib/gcc/arm-none-eabi/13.3.1/../../../../arm-none-eabi/include/string.h:31:18: note: expected 'void * restrict' but argument is of type 'volatile float *'
   31 | void *   memcpy (void *__restrict, const void *__restrict, size_t);
      |                  ^
arm-none-eabi-gcc -o "Brushed_DC_Motor_Control_Using_STM32.elf" @"objects.list"   -mcpu=cortex-m4 -T"C:\Users\bhagy\STM32CubeIDE\workspace_1.12.0\Brushed_DC_Motor_Control_Using_STM32\STM32F401RETX_FLASH.ld" --specs=nosys.specs -Wl,-Map="Brushed_DC_Motor_Control_Using_STM32.map" -Wl,--gc-sections -static -u _printf_float --specs=nano.specs -mfpu=fpv4-sp-d16 -mfloat-abi=hard -mthumb -Wl,--start-group -lc -lm -Wl,--end-group
Finished building target: Brushed_DC_Motor_Control_Using_STM32.elf
 
arm-none-eabi-size  Brushed_DC_Motor_Control_Using_STM32.elf 
arm-none-eabi-objdump -h -S Brushed_DC_Motor_Control_Using_STM32.elf  > "Brushed_DC_Motor_Control_Using_STM32.list"
   text	   data	    bss	    dec	    hex	filename
  36752	    480	   3448	  40680	   9ee8	Brushed_DC_Motor_Control_Using_STM32.elf
Finished building: default.size.stdout
 
Finished building: Brushed_DC_Motor_Control_Using_STM32.list
 

22:07:55 Build Finished. 0 errors, 4 warnings. (took 1s.915ms)

